// Jest Snapshot v1, https://goo.gl/fbAQLP

exports[`CreateNamespaceForm Renders with  1`] = `
<form
  onSubmit={[Function]}
>
  <div
    className="fd-form__set"
  >
    <div
      className="fd-form__item"
    >
      <label
        className="fd-form__label"
        htmlFor="runtime-name"
      >
        Name *
        <span
          className="fd-inline-help"
        >
          <span
            className="fd-inline-help__content fd-inline-help__content--bottom-right"
          >
             The name must consist of lower case alphanumeric characters or dashes,  and must start and end with an alphanumeric character (e.g. 'my-name1'). 
          </span>
        </span>
      </label>
      <input
        aria-required="true"
        className="fd-form__control"
        id="runtime-name"
        pattern="^[a-z0-9]([-a-z0-9]*[a-z0-9])?(\\\\.[a-z0-9]([-a-z0-9]*[a-z0-9])?)*$"
        placeholder="Namespace name"
        required={true}
        type="text"
      />
    </div>
    <div
      className="fd-form__item"
    >
      <label
        className="fd-form__label"
      >
        Labels
      </label>
      <div
        className="fd-form__set"
      >
        <div
          className="wrapper"
        >
          <input
            className="fd-form__control"
            id="input-1"
            onKeyDown={[Function]}
            placeholder="Enter new label"
            type="text"
          />
        </div>
      </div>
    </div>
    <div
      className="fd-form__item"
    >
      <fieldset
        className="fd-form__set"
      >
        <div
          className="fd-form__item fd-form__item--check"
        >
          <input
            className="fd-form__control"
            id="disable-istio"
            onChange={[Function]}
            placeholder="disable side-car"
            type="checkbox"
          />
          <label
            className="fd-form__label"
            htmlFor="disable-istio"
          >
            Disable side-car injection
            <span
              className="fd-inline-help"
            >
              <span
                className="fd-inline-help__content fd-inline-help__content--bottom-right"
              >
                 Select this option to disable istio to mediate all communication between the pods in your namespace. 
              </span>
            </span>
            
          </label>
        </div>
      </fieldset>
    </div>
    <div
      className="fd-form__item"
    >
      <fieldset
        className="fd-form__set"
      >
        <div
          className="fd-form__item fd-form__item--check"
        >
          <input
            className="fd-form__control"
            id="memory-quotas"
            onChange={[Function]}
            type="checkbox"
          />
          <label
            className="fd-form__label"
            htmlFor="memory-quotas"
          >
            Apply Total Memory Quotas
            <span
              className="fd-inline-help"
            >
              <span
                className="fd-inline-help__content fd-inline-help__content--bottom-right"
              >
                 Define constraints that limit total memory consumption in your namespace.  Use plain value in bytes, or suffix equivalents. For example: 128974848, 129e6, 129M, 123Mi. 
              </span>
            </span>
            
          </label>
        </div>
      </fieldset>
      <fieldset
        className="fd-form__set"
      >
        <div
          className="fd-form__item fd-form__item--check"
        >
          <input
            className="fd-form__control"
            id="container-limits"
            onChange={[Function]}
            type="checkbox"
          />
          <label
            className="fd-form__label"
            htmlFor="container-limits"
          >
            Apply limits per container
            <span
              className="fd-inline-help"
            >
              <span
                className="fd-inline-help__content fd-inline-help__content--bottom-right"
              >
                 Define memory constraints for individual containers in your namespace. Use plain value in bytes, or suffix equivalents. For example: 128974848, 129e6, 129M, 123Mi. 
              </span>
            </span>
            
          </label>
        </div>
      </fieldset>
    </div>
  </div>
</form>
`;

exports[`CreateNamespaceForm Renders with minimal props 1`] = `
<form
  onSubmit={[Function]}
>
  <div
    className="fd-form__set"
  >
    <div
      className="fd-form__item"
    >
      <label
        className="fd-form__label"
        htmlFor="runtime-name"
      >
        Name *
        <span
          className="fd-inline-help"
        >
          <span
            className="fd-inline-help__content fd-inline-help__content--bottom-right"
          >
             The name must consist of lower case alphanumeric characters or dashes,  and must start and end with an alphanumeric character (e.g. 'my-name1'). 
          </span>
        </span>
      </label>
      <input
        aria-required="true"
        className="fd-form__control"
        id="runtime-name"
        pattern="^[a-z0-9]([-a-z0-9]*[a-z0-9])?(\\\\.[a-z0-9]([-a-z0-9]*[a-z0-9])?)*$"
        placeholder="Namespace name"
        required={true}
        type="text"
      />
    </div>
    <div
      className="fd-form__item"
    >
      <label
        className="fd-form__label"
      >
        Labels
      </label>
      <div
        className="fd-form__set"
      >
        <div
          className="wrapper"
        >
          <input
            className="fd-form__control"
            id="input-1"
            onKeyDown={[Function]}
            placeholder="Enter new label"
            type="text"
          />
        </div>
      </div>
    </div>
    <div
      className="fd-form__item"
    >
      <fieldset
        className="fd-form__set"
      >
        <div
          className="fd-form__item fd-form__item--check"
        >
          <input
            className="fd-form__control"
            id="disable-istio"
            onChange={[Function]}
            placeholder="disable side-car"
            type="checkbox"
          />
          <label
            className="fd-form__label"
            htmlFor="disable-istio"
          >
            Disable side-car injection
            <span
              className="fd-inline-help"
            >
              <span
                className="fd-inline-help__content fd-inline-help__content--bottom-right"
              >
                 Select this option to disable istio to mediate all communication between the pods in your namespace. 
              </span>
            </span>
            
          </label>
        </div>
      </fieldset>
    </div>
    <div
      className="fd-form__item"
    >
      <fieldset
        className="fd-form__set"
      >
        <div
          className="fd-form__item fd-form__item--check"
        >
          <input
            className="fd-form__control"
            id="memory-quotas"
            onChange={[Function]}
            type="checkbox"
          />
          <label
            className="fd-form__label"
            htmlFor="memory-quotas"
          >
            Apply Total Memory Quotas
            <span
              className="fd-inline-help"
            >
              <span
                className="fd-inline-help__content fd-inline-help__content--bottom-right"
              >
                 Define constraints that limit total memory consumption in your namespace.  Use plain value in bytes, or suffix equivalents. For example: 128974848, 129e6, 129M, 123Mi. 
              </span>
            </span>
            
          </label>
        </div>
      </fieldset>
      <fieldset
        className="fd-form__set"
      >
        <div
          className="fd-form__item fd-form__item--check"
        >
          <input
            className="fd-form__control"
            id="container-limits"
            onChange={[Function]}
            type="checkbox"
          />
          <label
            className="fd-form__label"
            htmlFor="container-limits"
          >
            Apply limits per container
            <span
              className="fd-inline-help"
            >
              <span
                className="fd-inline-help__content fd-inline-help__content--bottom-right"
              >
                 Define memory constraints for individual containers in your namespace. Use plain value in bytes, or suffix equivalents. For example: 128974848, 129e6, 129M, 123Mi. 
              </span>
            </span>
            
          </label>
        </div>
      </fieldset>
    </div>
  </div>
</form>
`;

exports[`CreateNamespaceForm Renders without props  1`] = `
<form
  onSubmit={[Function]}
>
  <div
    className="fd-form__set"
  >
    <div
      className="fd-form__item"
    >
      <label
        className="fd-form__label"
        htmlFor="runtime-name"
      >
        Name *
        <span
          className="fd-inline-help"
        >
          <span
            className="fd-inline-help__content fd-inline-help__content--bottom-right"
          >
             The name must consist of lower case alphanumeric characters or dashes,  and must start and end with an alphanumeric character (e.g. 'my-name1'). 
          </span>
        </span>
      </label>
      <input
        aria-required="true"
        className="fd-form__control"
        id="runtime-name"
        pattern="^[a-z0-9]([-a-z0-9]*[a-z0-9])?(\\\\.[a-z0-9]([-a-z0-9]*[a-z0-9])?)*$"
        placeholder="Namespace name"
        required={true}
        type="text"
      />
    </div>
    <div
      className="fd-form__item"
    >
      <label
        className="fd-form__label"
      >
        Labels
      </label>
      <div
        className="fd-form__set"
      >
        <div
          className="wrapper"
        >
          <input
            className="fd-form__control"
            id="input-1"
            onKeyDown={[Function]}
            placeholder="Enter new label"
            type="text"
          />
        </div>
      </div>
    </div>
    <div
      className="fd-form__item"
    >
      <fieldset
        className="fd-form__set"
      >
        <div
          className="fd-form__item fd-form__item--check"
        >
          <input
            className="fd-form__control"
            id="disable-istio"
            onChange={[Function]}
            placeholder="disable side-car"
            type="checkbox"
          />
          <label
            className="fd-form__label"
            htmlFor="disable-istio"
          >
            Disable side-car injection
            <span
              className="fd-inline-help"
            >
              <span
                className="fd-inline-help__content fd-inline-help__content--bottom-right"
              >
                 Select this option to disable istio to mediate all communication between the pods in your namespace. 
              </span>
            </span>
            
          </label>
        </div>
      </fieldset>
    </div>
    <div
      className="fd-form__item"
    >
      <fieldset
        className="fd-form__set"
      >
        <div
          className="fd-form__item fd-form__item--check"
        >
          <input
            className="fd-form__control"
            id="memory-quotas"
            onChange={[Function]}
            type="checkbox"
          />
          <label
            className="fd-form__label"
            htmlFor="memory-quotas"
          >
            Apply Total Memory Quotas
            <span
              className="fd-inline-help"
            >
              <span
                className="fd-inline-help__content fd-inline-help__content--bottom-right"
              >
                 Define constraints that limit total memory consumption in your namespace.  Use plain value in bytes, or suffix equivalents. For example: 128974848, 129e6, 129M, 123Mi. 
              </span>
            </span>
            
          </label>
        </div>
      </fieldset>
      <fieldset
        className="fd-form__set"
      >
        <div
          className="fd-form__item fd-form__item--check"
        >
          <input
            className="fd-form__control"
            id="container-limits"
            onChange={[Function]}
            type="checkbox"
          />
          <label
            className="fd-form__label"
            htmlFor="container-limits"
          >
            Apply limits per container
            <span
              className="fd-inline-help"
            >
              <span
                className="fd-inline-help__content fd-inline-help__content--bottom-right"
              >
                 Define memory constraints for individual containers in your namespace. Use plain value in bytes, or suffix equivalents. For example: 128974848, 129e6, 129M, 123Mi. 
              </span>
            </span>
            
          </label>
        </div>
      </fieldset>
    </div>
  </div>
</form>
`;
